// Jest Snapshot v1, https://goo.gl/fbAQLP

exports[`IfChain component renders without errors when all children are If components 1`] = `
<div>
  <div>
    1
  </div>
  <div>
    2
  </div>
  <div>
    3
  </div>
</div>
`;

exports[`IfChain component throws an error when an invalid child component is present 1`] = `
<div>
  <div>
    1
  </div>
  <div>
    2
  </div>
</div>
`;
